// Jest Snapshot v1, https://goo.gl/fbAQLP

exports[`model-description return errors if a definition is missing description 1`] = `
Array [
  Object {
    "code": "model-description",
    "message": "components.schemas.user.description is not truthy",
    "path": Array [
      "components",
      "schemas",
      "user",
      "description",
    ],
    "range": Object {
      "end": Object {
        "character": -1,
        "line": -1,
      },
      "start": Object {
        "character": -1,
        "line": -1,
      },
    },
    "severity": 1,
  },
]
`;
