// Jest Snapshot v1, https://goo.gl/fbAQLP

exports[`server-not-example.com return errors if server is example.com 1`] = `
Array [
  Object {
    "code": "server-not-example.com",
    "message": "must not match the pattern 'example.com'",
    "path": Array [
      "servers",
      0,
      "url",
    ],
    "severity": 1,
    "summary": "Server URL should not point at \`example.com\`.",
  },
]
`;
