// Jest Snapshot v1, https://goo.gl/fbAQLP

exports[`convert rule schema to ruleset should generate a collection of rules automatically 1`] = `
Object {
  "given:no-undef": Object {
    "given": "$.rules[*]",
    "severity": 0,
    "summary": "'given' must be defined",
    "then": Object {
      "field": "given",
      "function": "truthy",
    },
    "type": "validation",
  },
  "severity:enum-value-match": Object {
    "given": "$.rules[*]",
    "severity": 0,
    "summary": "'severity' must be one of '0, 1, 2, 3'",
    "then": Object {
      "field": "severity",
      "function": "enumeration",
      "functionOptions": Object {
        "values": Array [
          0,
          1,
          2,
          3,
        ],
      },
    },
    "type": "validation",
  },
  "then:no-undef": Object {
    "given": "$.rules[*]",
    "severity": 0,
    "summary": "'then' must be defined",
    "then": Object {
      "field": "then",
      "function": "truthy",
    },
    "type": "validation",
  },
  "type:enum-value-match": Object {
    "given": "$.rules[*]",
    "severity": 0,
    "summary": "'type' must be one of 'validation, style'",
    "then": Object {
      "field": "type",
      "function": "enumeration",
      "functionOptions": Object {
        "values": Array [
          "validation",
          "style",
        ],
      },
    },
    "type": "validation",
  },
}
`;
