// Jest Snapshot v1, https://goo.gl/fbAQLP

exports[`contact-properties return errors if name, url, email are missing 1`] = `
Array [
  Object {
    "code": "contact-properties",
    "message": "info.contact.name is not truthy",
    "path": Array [
      "info",
      "contact",
      "name",
    ],
    "range": Object {
      "end": Object {
        "character": -1,
        "line": -1,
      },
      "start": Object {
        "character": -1,
        "line": -1,
      },
    },
    "severity": 1,
  },
  Object {
    "code": "contact-properties",
    "message": "info.contact.url is not truthy",
    "path": Array [
      "info",
      "contact",
      "url",
    ],
    "range": Object {
      "end": Object {
        "character": -1,
        "line": -1,
      },
      "start": Object {
        "character": -1,
        "line": -1,
      },
    },
    "severity": 1,
  },
  Object {
    "code": "contact-properties",
    "message": "info.contact.email is not truthy",
    "path": Array [
      "info",
      "contact",
      "email",
    ],
    "range": Object {
      "end": Object {
        "character": -1,
        "line": -1,
      },
      "start": Object {
        "character": -1,
        "line": -1,
      },
    },
    "severity": 1,
  },
]
`;
