// Jest Snapshot v1, https://goo.gl/fbAQLP

exports[`example-value-or-externalValue return errors if both externalValue and value 1`] = `
Array [
  Object {
    "code": "example-value-or-externalValue",
    "message": "externalValue and value cannot both be defined",
    "path": Array [
      "example",
    ],
    "severity": 1,
  },
]
`;

exports[`example-value-or-externalValue return errors if missing externalValue and value 1`] = `
Array [
  Object {
    "code": "example-value-or-externalValue",
    "message": "externalValue and value cannot both be defined",
    "path": Array [
      "example",
    ],
    "severity": 1,
  },
]
`;
