// Jest Snapshot v1, https://goo.gl/fbAQLP

exports[`info-contact return errors if info is missing contact 1`] = `
Array [
  Object {
    "code": "info-contact",
    "message": "Info object should contain \`contact\` object.",
    "path": Array [
      "info",
      "contact",
    ],
    "range": Object {
      "end": Object {
        "character": 20,
        "line": 4,
      },
      "start": Object {
        "character": 9,
        "line": 3,
      },
    },
    "severity": 1,
    "source": undefined,
    "summary": "Info object should contain \`contact\` object.",
  },
]
`;
