// Jest Snapshot v1, https://goo.gl/fbAQLP

exports[`info-description return errors if info missing description 1`] = `
Array [
  Object {
    "code": "info-description",
    "message": "info.description is not truthy",
    "path": Array [
      "info",
      "description",
    ],
    "range": Object {
      "end": Object {
        "character": -1,
        "line": -1,
      },
      "start": Object {
        "character": -1,
        "line": -1,
      },
    },
    "severity": 1,
  },
]
`;
