// Jest Snapshot v1, https://goo.gl/fbAQLP

exports[`info-contact return errors if info is missing contact 1`] = `
Array [
  Object {
    "code": "info-contact",
    "message": "info.contact is not truthy",
    "path": Array [
      "info",
      "contact",
    ],
    "severity": 1,
    "summary": "Info object should contain \`contact\` object.",
  },
]
`;
