// Jest Snapshot v1, https://goo.gl/fbAQLP

exports[`info-description return errors if info missing description 1`] = `
Array [
  Object {
    "code": "info-description",
    "message": "info.description is not truthy",
    "path": Array [
      "info",
      "description",
    ],
    "severity": 1,
    "summary": "OpenAPI object info \`description\` must be present and non-empty string.",
  },
]
`;
