// Jest Snapshot v1, https://goo.gl/fbAQLP

exports[`info-license return errors if info missing license 1`] = `
Array [
  Object {
    "code": "info-license",
    "message": "info.license is not truthy",
    "path": Array [
      "info",
      "license",
    ],
    "range": Object {
      "end": Object {
        "character": -1,
        "line": -1,
      },
      "start": Object {
        "character": -1,
        "line": -1,
      },
    },
    "severity": 1,
  },
]
`;
