// Jest Snapshot v1, https://goo.gl/fbAQLP

exports[`license-url return errors if info license is missing url 1`] = `
Array [
  Object {
    "code": "license-url",
    "message": "info.license.url is not truthy",
    "path": Array [
      "info",
      "license",
      "url",
    ],
    "severity": 1,
  },
]
`;
