// Jest Snapshot v1, https://goo.gl/fbAQLP

exports[`no-script-tags-in-markdown return errors if descriptions include <script 1`] = `
Array [
  Object {
    "message": "must not match the pattern '<script'",
    "name": "no-script-tags-in-markdown",
    "path": Array [
      "info",
      "description",
    ],
    "severity": 50,
    "severityLabel": "error",
    "summary": "Markdown descriptions should not contain \`<script>\` tags.",
  },
]
`;
