// Jest Snapshot v1, https://goo.gl/fbAQLP

exports[`no-script-tags-in-markdown return errors if descriptions include <script 1`] = `
Array [
  Object {
    "code": "no-script-tags-in-markdown",
    "message": "must not match the pattern '<script'",
    "path": Array [
      "info",
      "description",
    ],
    "range": Object {
      "end": Object {
        "character": -1,
        "line": -1,
      },
      "start": Object {
        "character": -1,
        "line": -1,
      },
    },
    "severity": 1,
  },
]
`;
