// Jest Snapshot v1, https://goo.gl/fbAQLP

exports[`only-local-references return errors if not local ref 1`] = `
Array [
  Object {
    "code": "only-local-references",
    "message": "must match the pattern '^#\\\\/'",
    "path": Array [
      "parameters",
      0,
      "$ref",
    ],
    "severity": 1,
  },
]
`;
