// Jest Snapshot v1, https://goo.gl/fbAQLP

exports[`only-local-references return errors if not local ref 1`] = `
Array [
  Object {
    "code": "only-local-references",
    "message": "must match the pattern '^#\\\\/'",
    "path": Array [
      "parameters",
      0,
      "$ref",
    ],
    "range": Object {
      "end": Object {
        "character": 52,
        "line": 5,
      },
      "start": Object {
        "character": 14,
        "line": 5,
      },
    },
    "severity": 1,
    "source": undefined,
    "summary": "References should start with \`#/\`.",
  },
]
`;
