// Jest Snapshot v1, https://goo.gl/fbAQLP

exports[`openapi-tags-alphabetical return errors if tags is not in alphabetical order 1`] = `
Array [
  Object {
    "message": "properties are not in alphabetical order",
    "name": "openapi-tags-alphabetical",
    "path": Array [
      "tags",
    ],
    "severity": 50,
    "severityLabel": "error",
    "summary": "OpenAPI object should have alphabetical \`tags\`.",
  },
]
`;
