// Jest Snapshot v1, https://goo.gl/fbAQLP

exports[`openapi-tags return errors if missing tags 1`] = `
Array [
  Object {
    "code": "openapi-tags",
    "message": "tags is not truthy",
    "path": Array [
      "tags",
    ],
    "severity": 1,
    "summary": "OpenAPI object should have non-empty \`tags\` array.",
  },
]
`;
