// Jest Snapshot v1, https://goo.gl/fbAQLP

exports[`openapi-tags-alphabetical return errors if tags is not in alphabetical order 1`] = `
Array [
  Object {
    "code": "openapi-tags-alphabetical",
    "message": "properties are not in alphabetical order",
    "path": Array [
      "tags",
    ],
    "range": Object {
      "end": Object {
        "character": -1,
        "line": -1,
      },
      "start": Object {
        "character": -1,
        "line": -1,
      },
    },
    "severity": 1,
  },
]
`;
