// Jest Snapshot v1, https://goo.gl/fbAQLP

exports[`operation-operationId-valid-in-url return errors if operationId contains invalid characters 1`] = `
Array [
  Object {
    "code": "operation-operationId-valid-in-url",
    "message": "operationId may only use characters that are valid when used in a URL.",
    "path": Array [
      "paths",
      "/todos",
      "get",
      "operationId",
    ],
    "range": Object {
      "end": Object {
        "character": 31,
        "line": 5,
      },
      "start": Object {
        "character": 23,
        "line": 5,
      },
    },
    "severity": 1,
    "source": undefined,
    "summary": "operationId may only use characters that are valid when used in a URL.",
  },
]
`;
