// Jest Snapshot v1, https://goo.gl/fbAQLP

exports[`operation-default-response return errors if path-responses is missing default 1`] = `
Array [
  Object {
    "code": "operation-default-response",
    "message": "paths./path./get.responses.default is not truthy",
    "path": Array [
      "paths",
      "/path",
      "/get",
      "responses",
      "default",
    ],
    "range": Object {
      "end": Object {
        "character": -1,
        "line": -1,
      },
      "start": Object {
        "character": -1,
        "line": -1,
      },
    },
    "severity": 1,
  },
]
`;
