// Jest Snapshot v1, https://goo.gl/fbAQLP

exports[`operation-tags return errors if tags is missing 1`] = `
Array [
  Object {
    "code": "operation-tags",
    "message": "Operation should have non-empty \`tags\` array.",
    "path": Array [
      "paths",
      "/todos",
      "get",
      "tags",
    ],
    "range": Object {
      "end": Object {
        "character": 15,
        "line": 4,
      },
      "start": Object {
        "character": 12,
        "line": 4,
      },
    },
    "severity": 1,
    "source": undefined,
    "summary": "Operation should have non-empty \`tags\` array.",
  },
]
`;
