// Jest Snapshot v1, https://goo.gl/fbAQLP

exports[`operation-tags return errors if tags is missing 1`] = `
Array [
  Object {
    "code": "operation-tags",
    "message": "paths./todos.get.tags is not truthy",
    "path": Array [
      "paths",
      "/todos",
      "get",
      "tags",
    ],
    "range": Object {
      "end": Object {
        "character": -1,
        "line": -1,
      },
      "start": Object {
        "character": -1,
        "line": -1,
      },
    },
    "severity": 1,
  },
]
`;
