// Jest Snapshot v1, https://goo.gl/fbAQLP

exports[`operation-operationId does not get called on parameters 1`] = `Array []`;

exports[`operation-operationId return errors if operation id is missing 1`] = `
Array [
  Object {
    "message": "paths./todos.get.operationId is not truthy",
    "name": "operation-operationId",
    "path": Array [
      "paths",
      "/todos",
      "get",
      "operationId",
    ],
    "severity": 50,
    "severityLabel": "error",
    "summary": "Operation should have an \`operationId\`.",
  },
]
`;
