// Jest Snapshot v1, https://goo.gl/fbAQLP

exports[`operation-description does not get called on parameters 1`] = `Array []`;

exports[`operation-description return errors if operation description is missing 1`] = `
Array [
  Object {
    "code": "operation-description",
    "message": "paths./todos.get.description is not truthy",
    "path": Array [
      "paths",
      "/todos",
      "get",
      "description",
    ],
    "range": Object {
      "end": Object {
        "character": -1,
        "line": -1,
      },
      "start": Object {
        "character": -1,
        "line": -1,
      },
    },
    "severity": 1,
  },
]
`;
