// Jest Snapshot v1, https://goo.gl/fbAQLP

exports[`operation-default-response return errors if path-responses is missing default 1`] = `
Array [
  Object {
    "code": "operation-default-response",
    "message": "paths./path./get.responses.default is not truthy",
    "path": Array [
      "paths",
      "/path",
      "/get",
      "responses",
      "default",
    ],
    "severity": 1,
    "source": undefined,
    "summary": "Operations must have a default response.",
  },
]
`;
