// Jest Snapshot v1, https://goo.gl/fbAQLP

exports[`operation-operationId-valid-in-url return errors if operationId contains invalid characters 1`] = `
Array [
  Object {
    "code": "operation-operationId-valid-in-url",
    "message": "must match the pattern '^[A-Za-z0-9-._~:/?#\\\\[\\\\]@!\\\\$&'()*+,;=]*$'",
    "path": Array [
      "paths",
      "/todos",
      "get",
      "operationId",
    ],
    "range": Object {
      "end": Object {
        "character": -1,
        "line": -1,
      },
      "start": Object {
        "character": -1,
        "line": -1,
      },
    },
    "severity": 1,
  },
]
`;
