// Jest Snapshot v1, https://goo.gl/fbAQLP

exports[`path-declarations-must-exist return errors if parameter is empty 1`] = `
Array [
  Object {
    "code": "path-declarations-must-exist",
    "message": "must not match the pattern '{}'",
    "path": Array [
      "paths",
      "/path/{}",
    ],
    "severity": 1,
  },
]
`;
