// Jest Snapshot v1, https://goo.gl/fbAQLP

exports[`path-keys-no-trailing-slash return errors if path ends with a slash 1`] = `
Array [
  Object {
    "code": "path-keys-no-trailing-slash",
    "message": "must not match the pattern '.+\\\\/$'",
    "path": Array [
      "paths",
      "/path/",
    ],
    "range": Object {
      "end": Object {
        "character": 16,
        "line": 3,
      },
      "start": Object {
        "character": 13,
        "line": 3,
      },
    },
    "severity": 1,
    "source": undefined,
    "summary": "given keys should not end with a slash.",
  },
]
`;
