// Jest Snapshot v1, https://goo.gl/fbAQLP

exports[`path-declarations-must-exist return errors if parameter is empty 1`] = `
Array [
  Object {
    "message": "must not match the pattern '{}'",
    "name": "path-declarations-must-exist",
    "path": Array [
      "paths",
      "/path/{}",
    ],
    "severity": 40,
    "severityLabel": "warn",
    "summary": "given declarations cannot be empty, ex.\`/given/{}\` is invalid.",
  },
]
`;
