// Jest Snapshot v1, https://goo.gl/fbAQLP

exports[`path-declarations-must-exist return errors if parameter is empty 1`] = `
Array [
  Object {
    "code": "path-declarations-must-exist",
    "message": "must not match the pattern '{}'",
    "path": Array [
      "paths",
      "/path/{}",
    ],
    "range": Object {
      "end": Object {
        "character": -1,
        "line": -1,
      },
      "start": Object {
        "character": -1,
        "line": -1,
      },
    },
    "severity": 1,
  },
]
`;
