// Jest Snapshot v1, https://goo.gl/fbAQLP

exports[`path-not-include-query return errors if indlues a query 1`] = `
Array [
  Object {
    "code": "path-not-include-query",
    "message": "must not match the pattern '\\\\?'",
    "path": Array [
      "paths",
      "/path?query=true",
    ],
    "severity": 1,
  },
]
`;
