// Jest Snapshot v1, https://goo.gl/fbAQLP

exports[`tag-description return errors if tag has no description 1`] = `
Array [
  Object {
    "message": "tags.0.description is not truthy",
    "name": "tag-description",
    "path": Array [
      "tags",
      0,
      "description",
    ],
    "severity": 50,
    "severityLabel": "error",
    "summary": "Tag object should have a \`description\`.",
  },
]
`;
