// Jest Snapshot v1, https://goo.gl/fbAQLP

exports[`api-host return errors if missing host 1`] = `
Array [
  Object {
    "code": "api-host",
    "message": "OpenAPI \`host\` must be present and non-empty string.",
    "path": Array [
      "host",
    ],
    "range": Object {
      "end": Object {
        "character": 13,
        "line": 2,
      },
      "start": Object {
        "character": 0,
        "line": 0,
      },
    },
    "severity": 1,
    "source": undefined,
    "summary": "OpenAPI \`host\` must be present and non-empty string.",
  },
]
`;
