// Jest Snapshot v1, https://goo.gl/fbAQLP

exports[`host-not-example return errors if server is example.com 1`] = `
Array [
  Object {
    "code": "host-not-example",
    "message": "Server URL should not point at \`example.com\`.",
    "path": Array [
      "host",
    ],
    "range": Object {
      "end": Object {
        "character": 31,
        "line": 3,
      },
      "start": Object {
        "character": 10,
        "line": 3,
      },
    },
    "severity": 1,
    "source": undefined,
    "summary": "Server URL should not point at \`example.com\`.",
  },
]
`;
