// Jest Snapshot v1, https://goo.gl/fbAQLP

exports[`oasOp2xxResponse return errors if missing 2xx 1`] = `
Array [
  Object {
    "code": "operation-2xx-response",
    "message": "operations must define at least one 2xx response",
    "path": Array [
      "paths",
      "/path1",
      "get",
      "responses",
    ],
    "range": Object {
      "end": Object {
        "character": -1,
        "line": -1,
      },
      "start": Object {
        "character": -1,
        "line": -1,
      },
    },
    "severity": 1,
  },
]
`;

exports[`oasOp2xxResponse return errors if no responses 1`] = `
Array [
  Object {
    "code": "operation-2xx-response",
    "message": "operations must define at least one 2xx response",
    "path": Array [
      "paths",
      "/path1",
      "get",
      "responses",
    ],
    "range": Object {
      "end": Object {
        "character": -1,
        "line": -1,
      },
      "start": Object {
        "character": -1,
        "line": -1,
      },
    },
    "severity": 1,
  },
]
`;
