// Jest Snapshot v1, https://goo.gl/fbAQLP

exports[`oasOpFormDataConsumeCheck return errors on different path operations same id 1`] = `
Array [
  Object {
    "code": "operation-formData-consume-check",
    "message": "consumes must include urlencoded, multipart, or formdata media type when using formData parameter",
    "path": Array [
      "paths",
      "/path1",
      "get",
    ],
    "severity": 1,
  },
]
`;
